
> grid-table-editor@1.0.0 testverbose
> jest --verbose

  console.log
    rename column column1 with this name: Renamed

      at GuardedColumnEdits.log [as renameColId] (js/grid/guarded-column-edits.js:13:15)

  console.log
    rename column column1 with this name: Renamed

      at GuardedColumnEdits.log [as renameColId] (js/grid/guarded-column-edits.js:13:15)

  console.log
    duplicate a column with this name: Copy

      at GuardedColumnEdits.log [as duplicateColumnId] (js/grid/guarded-column-edits.js:43:15)

  console.log
    create a new neighbour column with this name: Neighbour

      at GuardedColumnEdits.log [as addNeighbourColumnId] (js/grid/guarded-column-edits.js:60:15)

  console.log
    rename column Old Name with this name: Renamed

      at GuardedTabulatorColumnEdits.log [as renameColumn] (js/gui_components/data-grid-editor/tabulator/guarded-tabulator-column-edits.js:17:15)

  console.log
    rename column Old Name with this name: Renamed

      at GuardedTabulatorColumnEdits.log [as renameColumn] (js/gui_components/data-grid-editor/tabulator/guarded-tabulator-column-edits.js:17:15)

  console.log
    duplicate a column with this name: Copy

      at GuardedTabulatorColumnEdits.log [as duplicateColumn] (js/gui_components/data-grid-editor/tabulator/guarded-tabulator-column-edits.js:50:15)

  console.log
    create a new neighbour column with this name: Neighbour

      at GuardedTabulatorColumnEdits.log [as addNeighbourColumn] (js/gui_components/data-grid-editor/tabulator/guarded-tabulator-column-edits.js:72:15)

  console.log
    Sentence
    helpers.mustache('I found {{count}} instances of "{{word}}".', {count: () => `${this.number.int()}`,word: "this word",})

      at Object.log (tests/data_generation/generateDataFromFakerSpec.test.js:74:15)

  console.log
    create a new neighbour column with this name: Neighbour

      at GuardedColumnEdits.log [as addNeighbourColumnId] (js/grid/guarded-column-edits.js:60:15)

  console.log
    rename column column2 with this name: Renamed First

      at GuardedColumnEdits.log [as renameColId] (js/grid/guarded-column-edits.js:13:15)

  console.log
    duplicate a column with this name: Second Copy

      at GuardedColumnEdits.log [as duplicateColumnId] (js/grid/guarded-column-edits.js:43:15)

  console.log
    create a new neighbour column with this name: Neighbour

      at GuardedColumnEdits.log [as addNeighbourColumnId] (js/grid/guarded-column-edits.js:60:15)

  console.log
    rename column column1 with this name: Renamed First

      at GuardedColumnEdits.log [as renameColId] (js/grid/guarded-column-edits.js:13:15)

  console.log
    duplicate a column with this name: Second Copy

      at GuardedColumnEdits.log [as duplicateColumnId] (js/grid/guarded-column-edits.js:43:15)

  console.log
    rename column column1 with this name: Instructions

      at GuardedColumnEdits.log [as renameColId] (js/grid/guarded-column-edits.js:13:15)

  console.log
    no rows selected

      at GridControl.log [as deleteSelectedRows] (js/gui_components/data-grid-editor/gridControl.js:93:15)

  console.log
    create a new neighbour column with this name: Added

      at GuardedColumnEdits.log [as addNeighbourColumnId] (js/grid/guarded-column-edits.js:60:15)

  console.log
    Document { location: [Getter/Setter] }

      at log (tests/data_formats/html-convertor.test.js:225:11)

  console.log
    [Function: createElement]

      at log (tests/data_formats/html-convertor.test.js:226:11)

  console.log
    Error: could not find table in the HTML import

      at HtmlConvertor.log [as toDataTable] (js/data_formats/html-convertor.js:197:15)

  console.log
    Error: could not find any rows in the table

      at HtmlConvertor.log [as toDataTable] (js/data_formats/html-convertor.js:205:15)

  console.log
    Error: could not find any headers in the table

      at HtmlConvertor.log [as toDataTable] (js/data_formats/html-convertor.js:214:15)

  console.log
    ΓöîΓöÇΓöÇΓöÇΓöÇΓöÇΓöÇΓöÇΓöÇΓöÇΓö¼ΓöÇΓöÇΓöÇΓöÇΓöÇΓöÇΓöÇΓö¼ΓöÇΓöÇΓöÇΓöÇΓöÇΓöÇΓö¼ΓöÇΓöÇΓöÇΓöÇΓöÇΓöÇΓöÇΓöÇΓöÇΓöÇΓö¼ΓöÇΓöÇΓöÇΓöÇΓöÇΓöÇΓöÇΓöÇΓöÇΓöÇΓö¼ΓöÇΓöÇΓöÇΓöÇΓöÇΓöÇΓöÇΓöÇΓöÇΓöÇΓöÇΓöÇΓöÇΓöÇΓö¼ΓöÇΓöÇΓöÇΓöÇΓöÇΓöÇΓöÇΓöÇΓöÇΓöÇΓöÇΓöÇΓöÇΓö¼ΓöÇΓöÇΓöÇΓöÇΓöÇΓöÇΓöÇΓöÇΓöÇΓöÇΓöÉ
    Γöé (index) Γöé rows  Γöé cols Γöé importMs Γöé filterMs Γöé createColsMs Γöé duplicateMs Γöé exportMs Γöé
    Γö£ΓöÇΓöÇΓöÇΓöÇΓöÇΓöÇΓöÇΓöÇΓöÇΓö╝ΓöÇΓöÇΓöÇΓöÇΓöÇΓöÇΓöÇΓö╝ΓöÇΓöÇΓöÇΓöÇΓöÇΓöÇΓö╝ΓöÇΓöÇΓöÇΓöÇΓöÇΓöÇΓöÇΓöÇΓöÇΓöÇΓö╝ΓöÇΓöÇΓöÇΓöÇΓöÇΓöÇΓöÇΓöÇΓöÇΓöÇΓö╝ΓöÇΓöÇΓöÇΓöÇΓöÇΓöÇΓöÇΓöÇΓöÇΓöÇΓöÇΓöÇΓöÇΓöÇΓö╝ΓöÇΓöÇΓöÇΓöÇΓöÇΓöÇΓöÇΓöÇΓöÇΓöÇΓöÇΓöÇΓöÇΓö╝ΓöÇΓöÇΓöÇΓöÇΓöÇΓöÇΓöÇΓöÇΓöÇΓöÇΓöñ
    Γöé 0       Γöé 10000 Γöé 12   Γöé 73.36    Γöé 142.28   Γöé 14           Γöé 11.34       Γöé 179.17   Γöé
    Γöé 1       Γöé 25000 Γöé 12   Γöé 141.69   Γöé 302.46   Γöé 23.7         Γöé 17.65       Γöé 393.51   Γöé
    ΓööΓöÇΓöÇΓöÇΓöÇΓöÇΓöÇΓöÇΓöÇΓöÇΓö┤ΓöÇΓöÇΓöÇΓöÇΓöÇΓöÇΓöÇΓö┤ΓöÇΓöÇΓöÇΓöÇΓöÇΓöÇΓö┤ΓöÇΓöÇΓöÇΓöÇΓöÇΓöÇΓöÇΓöÇΓöÇΓöÇΓö┤ΓöÇΓöÇΓöÇΓöÇΓöÇΓöÇΓöÇΓöÇΓöÇΓöÇΓö┤ΓöÇΓöÇΓöÇΓöÇΓöÇΓöÇΓöÇΓöÇΓöÇΓöÇΓöÇΓöÇΓöÇΓöÇΓö┤ΓöÇΓöÇΓöÇΓöÇΓöÇΓöÇΓöÇΓöÇΓöÇΓöÇΓöÇΓöÇΓöÇΓö┤ΓöÇΓöÇΓöÇΓöÇΓöÇΓöÇΓöÇΓöÇΓöÇΓöÇΓöÿ

      at table (tests/grid/tabulator-performance.benchmark.test.js:233:13)

  console.log
    expected: ignoring known faker command helpers.objectKey

      at log (js/gui_components/testdatadefn.js:670:19)
          at Array.forEach (<anonymous>)
          at Array.forEach (<anonymous>)

  console.log
    expected: ignoring known faker command helpers.objectValue

      at log (js/gui_components/testdatadefn.js:670:19)
          at Array.forEach (<anonymous>)
          at Array.forEach (<anonymous>)

  console.log
    expected: ignoring known faker command helpers.objectEntry

      at log (js/gui_components/testdatadefn.js:670:19)
          at Array.forEach (<anonymous>)
          at Array.forEach (<anonymous>)

  console.log
    expected: ignoring known faker command helpers.enumValue

      at log (js/gui_components/testdatadefn.js:670:19)
          at Array.forEach (<anonymous>)
          at Array.forEach (<anonymous>)

  console.log
    expected: ignoring known faker command _randomizer.next

      at log (js/gui_components/testdatadefn.js:670:19)
          at Array.forEach (<anonymous>)
          at Array.forEach (<anonymous>)

  console.log
    expected: ignoring known faker command _randomizer.seed

      at log (js/gui_components/testdatadefn.js:670:19)
          at Array.forEach (<anonymous>)
          at Array.forEach (<anonymous>)

  console.warn
    No supported grid library loaded; test data definition grid editor disabled.

      717 |     setupTabulatorDefnEditor(tableDiv);
      718 |   } else {
    > 719 |     console.warn('No supported grid library loaded; test data definition grid editor disabled.');
          |             ^
      720 |     return;
      721 |   }
      722 |

      at warn (js/gui_components/testdatadefn.js:719:13)
      at setupTestDataEditGrid (js/gui_components/testdatadefn.js:281:3)
      at createTestDataGrid (js/gui_components/testdatadefn.js:970:3)
      at tests/grid/test-data-defn-engine-compat.test.js:35:7
      at Object.<anonymous> (node_modules/expect/build/toThrowMatchers.js:83:11)
      at Object.throwingMatcher [as toThrow] (node_modules/expect/build/index.js:342:21)
      at Object.toThrow (tests/grid/test-data-defn-engine-compat.test.js:45:12)

  console.log
    expected: ignoring known faker command helpers.objectKey

      at log (js/gui_components/testdatadefn.js:670:19)
          at Array.forEach (<anonymous>)
          at Array.forEach (<anonymous>)

  console.log
    expected: ignoring known faker command helpers.objectValue

      at log (js/gui_components/testdatadefn.js:670:19)
          at Array.forEach (<anonymous>)
          at Array.forEach (<anonymous>)

  console.log
    expected: ignoring known faker command helpers.objectEntry

      at log (js/gui_components/testdatadefn.js:670:19)
          at Array.forEach (<anonymous>)
          at Array.forEach (<anonymous>)

  console.log
    expected: ignoring known faker command helpers.enumValue

      at log (js/gui_components/testdatadefn.js:670:19)
          at Array.forEach (<anonymous>)
          at Array.forEach (<anonymous>)

  console.log
    expected: ignoring known faker command _randomizer.next

      at log (js/gui_components/testdatadefn.js:670:19)
          at Array.forEach (<anonymous>)
          at Array.forEach (<anonymous>)

  console.log
    expected: ignoring known faker command _randomizer.seed

      at log (js/gui_components/testdatadefn.js:670:19)
          at Array.forEach (<anonymous>)
          at Array.forEach (<anonymous>)

  console.log
    expected: ignoring known faker command helpers.objectKey

      at log (js/gui_components/testdatadefn.js:670:19)
          at Array.forEach (<anonymous>)
          at Array.forEach (<anonymous>)

  console.log
    expected: ignoring known faker command helpers.objectValue

      at log (js/gui_components/testdatadefn.js:670:19)
          at Array.forEach (<anonymous>)
          at Array.forEach (<anonymous>)

  console.log
    expected: ignoring known faker command helpers.objectEntry

      at log (js/gui_components/testdatadefn.js:670:19)
          at Array.forEach (<anonymous>)
          at Array.forEach (<anonymous>)

  console.log
    expected: ignoring known faker command helpers.enumValue

      at log (js/gui_components/testdatadefn.js:670:19)
          at Array.forEach (<anonymous>)
          at Array.forEach (<anonymous>)

  console.log
    expected: ignoring known faker command _randomizer.next

      at log (js/gui_components/testdatadefn.js:670:19)
          at Array.forEach (<anonymous>)
          at Array.forEach (<anonymous>)

  console.log
    expected: ignoring known faker command _randomizer.seed

      at log (js/gui_components/testdatadefn.js:670:19)
          at Array.forEach (<anonymous>)
          at Array.forEach (<anonymous>)

  console.warn
    No supported grid library loaded; test data definition grid editor disabled.

      717 |     setupTabulatorDefnEditor(tableDiv);
      718 |   } else {
    > 719 |     console.warn('No supported grid library loaded; test data definition grid editor disabled.');
          |             ^
      720 |     return;
      721 |   }
      722 |

      at warn (js/gui_components/testdatadefn.js:719:13)
      at setupTestDataEditGrid (js/gui_components/testdatadefn.js:281:3)
      at createTestDataGrid (js/gui_components/testdatadefn.js:970:3)
      at Object.<anonymous> (tests/grid/test-data-defn-engine-compat.test.js:123:5)

  console.log
    expected: ignoring known faker command helpers.objectKey

      at log (js/gui_components/testdatadefn.js:670:19)
          at Array.forEach (<anonymous>)
          at Array.forEach (<anonymous>)

  console.log
    expected: ignoring known faker command helpers.objectValue

      at log (js/gui_components/testdatadefn.js:670:19)
          at Array.forEach (<anonymous>)
          at Array.forEach (<anonymous>)

  console.log
    expected: ignoring known faker command helpers.objectEntry

      at log (js/gui_components/testdatadefn.js:670:19)
          at Array.forEach (<anonymous>)
          at Array.forEach (<anonymous>)

  console.log
    expected: ignoring known faker command helpers.enumValue

      at log (js/gui_components/testdatadefn.js:670:19)
          at Array.forEach (<anonymous>)
          at Array.forEach (<anonymous>)

  console.log
    expected: ignoring known faker command _randomizer.next

      at log (js/gui_components/testdatadefn.js:670:19)
          at Array.forEach (<anonymous>)
          at Array.forEach (<anonymous>)

  console.log
    expected: ignoring known faker command _randomizer.seed

      at log (js/gui_components/testdatadefn.js:670:19)
          at Array.forEach (<anonymous>)
          at Array.forEach (<anonymous>)

  console.log
    Identifying type for name
    name is a valid 'faker': lorem.word

      at log (js/gui_components/testdatadefn.js:46:11)

  console.log
    expected: ignoring known faker command helpers.objectKey

      at log (js/gui_components/testdatadefn.js:670:19)
          at Array.forEach (<anonymous>)
          at Array.forEach (<anonymous>)

  console.log
    expected: ignoring known faker command helpers.objectValue

      at log (js/gui_components/testdatadefn.js:670:19)
          at Array.forEach (<anonymous>)
          at Array.forEach (<anonymous>)

  console.log
    expected: ignoring known faker command helpers.objectEntry

      at log (js/gui_components/testdatadefn.js:670:19)
          at Array.forEach (<anonymous>)
          at Array.forEach (<anonymous>)

  console.log
    expected: ignoring known faker command helpers.enumValue

      at log (js/gui_components/testdatadefn.js:670:19)
          at Array.forEach (<anonymous>)
          at Array.forEach (<anonymous>)

  console.log
    expected: ignoring known faker command _randomizer.next

      at log (js/gui_components/testdatadefn.js:670:19)
          at Array.forEach (<anonymous>)
          at Array.forEach (<anonymous>)

  console.log
    expected: ignoring known faker command _randomizer.seed

      at log (js/gui_components/testdatadefn.js:670:19)
          at Array.forEach (<anonymous>)
          at Array.forEach (<anonymous>)

  console.warn
    No supported grid library loaded; test data definition grid editor disabled.

      717 |     setupTabulatorDefnEditor(tableDiv);
      718 |   } else {
    > 719 |     console.warn('No supported grid library loaded; test data definition grid editor disabled.');
          |             ^
      720 |     return;
      721 |   }
      722 |

      at warn (js/gui_components/testdatadefn.js:719:13)
      at setupTestDataEditGrid (js/gui_components/testdatadefn.js:281:3)
      at createTestDataGrid (js/gui_components/testdatadefn.js:970:3)
      at _callee2$ (tests/grid/test-data-defn-engine-compat.test.js:230:5)
      at tryCatch (tests/grid/test-data-defn-engine-compat.test.js:9:2404)
      at Generator._invoke (tests/grid/test-data-defn-engine-compat.test.js:9:1964)
      at Generator.next (tests/grid/test-data-defn-engine-compat.test.js:9:3255)

  console.log
    Using grid engine: tabulator

      at log (js/script.js:27:11)

  console.log
    Using grid engine: tabulator

      at log (js/script.js:27:11)

  console.log
    expected: ignoring known faker command helpers.objectKey

      at log (js/gui_components/testdatadefn.js:670:19)
          at Array.forEach (<anonymous>)
          at Array.forEach (<anonymous>)

  console.log
    expected: ignoring known faker command helpers.objectValue

      at log (js/gui_components/testdatadefn.js:670:19)
          at Array.forEach (<anonymous>)
          at Array.forEach (<anonymous>)

  console.log
    expected: ignoring known faker command helpers.objectEntry

      at log (js/gui_components/testdatadefn.js:670:19)
          at Array.forEach (<anonymous>)
          at Array.forEach (<anonymous>)

  console.log
    expected: ignoring known faker command helpers.enumValue

      at log (js/gui_components/testdatadefn.js:670:19)
          at Array.forEach (<anonymous>)
          at Array.forEach (<anonymous>)

  console.log
    expected: ignoring known faker command _randomizer.next

      at log (js/gui_components/testdatadefn.js:670:19)
          at Array.forEach (<anonymous>)
          at Array.forEach (<anonymous>)

  console.log
    expected: ignoring known faker command _randomizer.seed

      at log (js/gui_components/testdatadefn.js:670:19)
          at Array.forEach (<anonymous>)
          at Array.forEach (<anonymous>)

