// Jest Snapshot v1, https://goo.gl/fbAQLP

exports[`test framework convertor - PHP phpunit matches golden snapshot (setup + provider) 1`] = `
"<?php

use PHPUnit\\\\Framework\\\\TestCase;

final class GeneratedDataTests extends TestCase
{
    public static function rowProvider(): array
    {
        return [
            ['Connie', 21],
            ['Miles', 34]
        ];
    }

    protected function setUp(): void
    {
        // setup
    }

    /** @dataProvider rowProvider */
    public function test_row_parameterized(...$row): void
    {
        $expected = $row;
        $actual = $this->mapRowUnderTest($row);
        $this->assertSame($expected[0], $actual[0]); // Name
        $this->assertSame($expected[1], $actual[1]); // Age
    }

    private function mapRowUnderTest(array $row): array
    {
        // Example: return PersonMapper::normalize($row);
        return $row; // replace with your system-under-test call
    }
}"
`;
