// Jest Snapshot v1, https://goo.gl/fbAQLP

exports[`test framework convertor - Java junit5 matches golden snapshot (setup + provider) 1`] = `
"import static org.junit.jupiter.api.Assertions.assertEquals;
import java.util.stream.Stream;
import org.junit.jupiter.api.BeforeEach;
import org.junit.jupiter.params.ParameterizedTest;
import org.junit.jupiter.params.provider.Arguments;
import org.junit.jupiter.params.provider.MethodSource;

public class GeneratedDataTests {
    static Stream<Arguments> data() {
        return Stream.of(
            Arguments.of(\\"Connie\\", 21),
            Arguments.of(\\"Miles\\", 34)
        );
    }

    @BeforeEach
    void setUp() {
        // setup
    }

    @ParameterizedTest
    @MethodSource(\\"data\\")
    void row_parameterized(Object... row) {
        Object[] expected = row;
        Object[] actual = mapRowUnderTest(row);
        assertEquals(expected[0], actual[0]); // Name
        assertEquals(expected[1], actual[1]); // Age
    }

    private Object[] mapRowUnderTest(Object[] input) {
        // Example: return PersonMapper.normalize(input);
        return input; // replace with your system-under-test call
    }
}"
`;
